=== Testing All Services ===

1. Discovery Service (8761):
"status":"UP"

2. Auth Service - Register (8081):
"accessToken":"eyJhbGciOiJIUzM4NCJ9.eyJzdWIiOiI4Mj
3. Auth Service - Login (8081):
"accessToken":"eyJhbGciOiJIUzM4NCJ9.eyJzdWIiOiI4Mj
4. Auth Service - Validate (8081):
{"valid":true,"userId":"821d926c-6548-45e1-8f1a-e3579153212f","roles":["CUSTOMER"]}
5. Admin Service Direct (8089):
"serviceStatus":"UP"

6. API Gateway - Auth Route (8080):
"accessToken":"eyJhbGciOiJIUzM4NCJ9.eyJzdWIiOiI4Mj
7. API Gateway - Admin Route (8080):
"serviceStatus":"UP"

8. Analytics Service - Health (8090):
"data":"Analytics Service is running"

9. Analytics Service - Ingest Event (8090):
"data":"Event ingested"

10. Analytics Service - Get Count (8090):
Before: 1

11. Kafka - Send Event to user-events topic:

12. Kafka - Verify event consumed (wait 3s):
After: 2
✓ Kafka working

13. Catalog Service - Health (8083):
"status":"UP"

14. Catalog Service - Get Categories (8083):

15. Catalog Service - Create Product (8083):
"name":"Test Product"

16. Discovery Service - Registered Apps:
13

17. Batch Service - Health (8091):
"status":"UP"

18. Batch Service - Get Failed Jobs (8091):
"success":true

19. API Gateway - Batch Route (8080):
"success":true

20. Cart Service - Health (8085):
"status":"UP"
"status":"UP"
"status":"UP"
"status":"UP"
"status":"UP"
"status":"UP"
"status":"UP"
"status":"UP"

21. Cart Service - Get Cart (8085):
"userId":"testuser"

22. Cart Service - Add Item (8085):
"totalItems":1

23. API Gateway - Cart Route (8080):
"userId":"testuser2"

=== Test Complete ===
